STATUS: 200
HEADERS: {"connection":"keep-alive","content-length":"3635","content-type":"application/json; charset=utf-8","date":"Thu, 28 May 2026 09:24:36 GMT","etag":"W/\"e33-lt1r40JdHQMIAIbNM51i1OtBl40\"","keep-alive":"timeout=5","x-powered-by":"Express"}
CONTENT:
{"personnel":[{"id":"p1","name":"علی علوی","code":"1001","title":"مدیر پروژه","department":"مهندسی","location":"دفتر فنی کارگاه"},{"id":"p2","name":"زهرا حسینی","code":"1002","title":"کارشناس فناوری اطلاعات","department":"فناوری اطلاعات و ارتباطات","location":"اتاق سرور"}],"cases":[{"code":"C-201","motherboard":"ASUS H610M-K","cpu":"Intel Core i5-12400","vga":"Desktop Intel UHD Graphics","hdd1":"SSD 512GB NVMe","hdd2":"HDD 1TB WD Blue","ramType":"DDR4","ramQty":"16GB","assignedTo":"1001"},{"code":"C-202","motherboard":"MSI B760-P","cpu":"Intel Core i7-13700","vga":"NVIDIA RTX 3050 8GB","hdd1":"SSD 1TB NVMe","hdd2":"-","ramType":"DDR5","ramQty":"32GB","assignedTo":null}],"monitors":[{"code":"M-301","model":"Samsung 24\" LF24T350","assignedTo":"1001"},{"code":"M-302","model":"LG 22\" 22MP400","assignedTo":"1002"}],"printers":[{"code":"P-401","model":"HP LaserJet Pro M402dn","assignedTo":"1002"},{"code":"P-402","model":"Canon LBP6030w","assignedTo":null}],"mice":[{"code":"MOU-501","model":"A4Tech OP-620D Wired Mouse","assignedTo":"1001"},{"code":"MOU-502","model":"Logitech M170 Wireless Mouse","assignedTo":"1002"}],"keyboards":[{"code":"KB-601","model":"A4Tech KR-83 Wired Keyboard","assignedTo":"1001"},{"code":"KB-602","model":"Logitech K120 USB Keyboard","assignedTo":null}],"partsCatalog":[{"id":"pc1","category":"cpu","name":"Intel Core i5-12400","description":"6 Cores, 12 Threads, 2.5 GHz Base, LGA1700"},{"id":"pc2","category":"cpu","name":"Intel Core i7-13700","description":"16 Cores, 24 Threads, 2.1 GHz Base, LGA1700"},{"id":"pc3","category":"motherboard","name":"ASUS PRIME H610M-R","description":"Intel Socket LGA1700, DDR4 Support, Micro-ATX"},{"id":"pc4","category":"vga","name":"Desktop Intel UHD Graphics 730","description":"Integrated CPU Graphics"},{"id":"pc5","category":"vga","name":"NVIDIA GeForce RTX 3050 8GB","description":"Dedicated GDDR6 Graphics Card"},{"id":"pc6","category":"ramType","name":"DDR4","description":"DDR4 Desktop Memory SDRAM"},{"id":"pc7","category":"ramType","name":"DDR5","description":"DDR5 Next-Gen High Speed Memory"},{"id":"pc8","category":"monitorBrand","name":"LG 22MP400 (22 Inch)","description":"22-Inch Full HD (1920x1080) IPS Monitor"},{"id":"pc9","category":"monitorBrand","name":"Samsung LF24T350 (24 Inch)","description":"24-Inch Full HD IPS 75Hz Bezel-less Monitor"},{"id":"pc10","category":"printerBrand","name":"HP LaserJet Pro M402dn","description":"Monochrome Laser Printer, Auto Duplex"},{"id":"pc11","category":"printerBrand","name":"Canon LBP6030w","description":"Compact Wireless Monochrome Laser Printer"},{"id":"pc12","category":"printerFeature","name":"سه کاره (پرینت / کپی / اسکن)","description":"Multi-Function Monochrome Laser printer"},{"id":"pc13","category":"printerFeature","name":"تک کاره (پرینت فقط)","description":"Single-Function Dedicated Print Unit"}],"assignments":[{"id":"a1","equipmentCode":"C-201","equipmentType":"case","personnelCode":"1001","personnelName":"علی علوی","startDate":"1405/01/15","endDate":null},{"id":"a2","equipmentCode":"M-301","equipmentType":"monitor","personnelCode":"1001","personnelName":"علی علوی","startDate":"1405/01/15","endDate":null},{"id":"a3","equipmentCode":"M-302","equipmentType":"monitor","personnelCode":"1002","personnelName":"زهرا حسینی","startDate":"1405/02/01","endDate":null},{"id":"a4","equipmentCode":"P-401","equipmentType":"printer","personnelCode":"1002","personnelName":"زهرا حسینی","startDate":"1405/02/01","endDate":null}]}